// Jest Snapshot v1, https://goo.gl/fbAQLP

exports[`App snapshot renders 1`] = `
<main>
  <h1
    className="mullra__header"
  >
    My Songs
  </h1>
  <ul />
</main>
`;
